64,64
2489
512
5000
erreeereeerereeeerereree@@@ereeeeeeeee@eeee@@ere@@@@@eereeeeee@@
eereeeeeeeeeeeeerereere@eerere@@@@re@@eeeeeeeeeee@@@ereereeeeeee
eeeeeereeeeeeeereeeeeerreeere@@@eee@@eeereerrree@ereeee@@eee@@ee
eeeerrreereeeeeeeeerreee@@@@@eeeereeeeeeee@@e@@@eeeee@@eeee@@@@e
eeeeeeeerereereeeeeeee@@@@eeeeeeeeeeerere@@@@eeeee@@reee@@@@@e@e
ereeeerreeereeeeeeee@eeee@reeeerereeeee@@@eererre@@ere@ee@@@@e@@
eeeeeeeeereeeeeee@@@@e@@e@reeerer@@e@@@eereee@ee@@@eee@@eee@@ere
eeeereeeeeeeee@ee@ee@e@@reeerereee@@@eeeeeere@ee@@eeere@@@@eere@
eeeeeeeeeeeee@@e@@eere@@ee@eeeeee@@errrrereee@@erereereereeereee
eeeeeeeeeeereeeereeee@eee@@@@e@@reeeeee@@eeeee@ee@eereereeeeeeee
ererrreeeeeereeeereeeeeeeeeeeeerreee@erereeeee@@e@@eeeeeeeeere@e
eerrereeerrrreeerereeeerereeeeeeeee@@e@eeeeeee@@e@@@eeer@@eeerer
@@@@e@@eee@@@eeeeeerereeeereeeeeeeeee@@eeeeeeee@ee@@ereeee@@@@@e
eeeeee@@ere@ee@@@ee@@eeereereeereeeeeeeee@@ree@@ee@@@eeereee@@@e
ereeer@@eeeeeeeeee@@@@@@@@@@eeeeeeerrreeeeereee@@eeee@ee@@ee@@er
@@@eee@@eereeeeee@@eeeeeeeee@eee@@@eeeeeeeeer@@@@ee@@@@e@@er@@ee
ee@@ee@@reeereree@@eeeeeeree@eer@@@@@@eerereere@@eeree@ee@@re@@e
ee@@ee@@rer@@@@@e@@ereeeeeeereee@@eeee@@@eeerere@@@eee@@e@@ee@@e
ee@@reeeeee@@@@ee@@eeeeeeeeeeree@@eereee@@@eeeeeeeee@@@@ee@@eee@
e@@@eeeeeereeeereereeeerereee@@ee@@eeerere@@@eeererreee@@e@@ree@
ee@@ee@@ree@@@@reeeee@@ree@@@@@@e@@eeereee@@@@eeerere@e@@e@@e@@e
ere@@@@@eee@@@@eeee@@eree@@@@@@@ee@@eere@@ee@@@eeeeeere@@ee@@eee
eeeeerrreerreeerreeeeeere@@ee@@@@eeee@@eeeeeeee@@eeeeee@@@ereeee
eeeeeeeeeereereeeeeeeeeeeeeere@@@eeeee@ereeee@@eeeeeeeeeeeeeeee@
erreeerreeeeeereeeeree@@reeeeee@@eeeerreereeee@ee@@reeeeeree@@@e
@@@@@eeeeeereeerereee@@@e@@eere@@@ererreeeereeeree@eeerrer@@eeee
@@@@@eeeeeeeeeeeeeeee@@@e@@reee@@eereeeeeeereee@@erreeeeereerree
@@eeeeeree@@eeeeeeeer@@@eeeee@@@ereeereerreeeeeeeeerreeeerereeee
@@eeereeee@@@eeeeeree@@@erree@@@rreeerreeeeeeeeererre@@ereere@@e
@@@eeeeere@@@eeeeerer@@@eeeeeeeeeeeeeeeeeeeeerre@eeere@@eeeeee@@
e@@@@@@eeee@@@eereeer@@@ee@@eererereereeeeeeeereree@@e@@@@eeeree
eeeeeeeeeere@@eereerr@@eee@@ereeeeeeeeeeerereeeee@@eeeee@eeeeeee
eeeeeere@ere@@@ereeer@@er@@@eeeeereeeeeeeeee@eeeee@eeereeeeererr
reeeeerr@@eee@@ereeee@@ee@@@eereeeere@eeere@@@eereeeeeeeerer@eee
rrereeee@@@ee@@@reee@@@er@@eeeeeere@@@@re@@@@@@ereeee@erre@re@@e
eeeeeerr@@@eee@@eeee@@@ee@@eereeere@@@@e@@@@e@@@eere@@eee@@eee@@
eereerere@@@rr@@@eee@@@eerere@@@@ree@@@ee@eee@@@@eeeeeee@@erere@
e@@@ereeee@@eee@@ere@@@eeree@@@eeeeee@eeeeee@@@@@@eeere@@@ee@@ee
e@@@eeeeereeree@@@ee@@@eeee@@@@eeeeerrereeee@@@@e@@eee@@ere@@@ee
e@@@reeeeeeerere@@@@@@eere@@@eeeeeeeeeeeeeeree@ee@@@@eeeee@@eeee
e@@@eerreee@@@ere@@@@ere@eeeeeerreeerereeeeeeeer@@@@@@eee@@eeeee
e@@@eeeee@@@@@reeerreer@@@eeer@@@@@eereeeeeeeeer@@@@eeeeeeeeerrr
e@@@eere@@@@@eeeeeeeree@@@@eeee@@@@@reeeeeee@@eee@@eeeeeeeeeeeee
e@@@reeeeeeeeee@@@eeeee@@@@eeeeeeeeeeeree@@@@@@eeereeeeeeeere@@e
eeeeeeeeeeereere@@@eeere@@@ereeeeeeeeeeeeeeee@@@eerreeeeeereeeee
eereerreree@@@rre@@@eeee@@@eer@@@eeererreeeree@@@erreeerrreeeeee
eeeeeeeere@@@eeeee@@@reeeeeeeee@@@@ereee@@eeeee@@@eerrereee@eerr
eeeeerree@@@@eeeeeerrereerreeeeee@@@@eeee@@@eee@@@eeeree@@@@@eee
eeeeeree@@@eee@@@eeeeeeeeeeeeeereerrreeeee@@@@@@eeeere@@@eee@@ee
eee@@@ereeeeer@@@@ee@@@rere@@@@erreeeeeeeeee@@eereree@@@eeeee@er
@@@@@@reeeeeere@@@ee@@@eeeee@@@@eerereeeeeeeeeeeeeee@@ereeee@@ee
@@eeeeeereeeeee@@@rr@@@eeeeeee@@@eeeeeeeeeeeeeeeere@@ereeee@@eee
@@eeerrereeereee@@ee@@@e@@@eeeeeeereereeerreeeeer@@@eeeere@@eeee
@@eee@eereeeeeeereer@@@e@@@@eereeeeeerereeeeeeeeeereeree@@@eeee@
@@re@@@eeeereeeeeeeeeeree@@@erreeereeeeeeee@@@@@@eeeee@@@@eerr@@
@@e@@@eer@@@@eeeeereeeere@@@rereeeeeeeeee@@@eeeerereeererrreee@@
e@@@@eeee@@@@@@erreeeeeeee@@eeeeeereeeree@@eereeeeeeeeeeeee@@e@@
eeeererrre@@@@@@ereeereerereeeeerreereeer@@ee@@eeee@@ereee@ee@@e
eeeeeeereeee@@@@@@eereeeeereeerererreeeere@@e@@eee@@eree@@er@@@e
reeeereeeeeeee@@@@@@ereereerrreeeeeereeeeee@reeee@@eeee@@eee@@ee
eeeeeeeere@@eeee@@@@@@eeeeeeeeeeeeeeeeeeer@@eeee@@ereee@ere@@eee
eerrereee@@@errrre@@@@@@eeee@errreee@@@@ee@@ere@@@reerererreeeee
eeeeereer@@@@e@@eree@@@@@ee@@@eeeeee@@e@@@@eee@@eree@@eeeeeeeree
@@@@@@@@ee@@@ee@@@@@@@@@@@@@@@@eree@@eeeeeeee@@eereeeerereeeeee@
