64,64
2809
448
5000
@@@e@@@@@@@@@@@@@@@e@@@@@@e@@@@@@@e@@@@@@@@@@@@@@e@@@@@@@e@@@@@@
@eeerere@eeeerre@ereeree@eeeeeee@eeeeeee@eereeee@eerreee@eeeeree
@eeeeeee@eeeeeee@eeeeeee@eeeeeer@eereeer@eeeeeee@eeeeeee@eeeeree
eeeereee@eeeeeee@eeeeeer@eeeeeee@rerrreeeeeereee@ereeeee@eereeee
@eeeeere@eereree@eeeeeee@rereeee@eeeeree@eereeee@eeeeeee@ereeeee
@ereeeeeeerrereeeeeeeeee@eeeeeee@eeeeeer@eereere@eereeeeeeeeeeee
@eeeeree@rrrreee@eeeeeee@ereeeee@eeeeeer@eeeeeee@eeeeeee@eeeeeee
@rrreeee@eeerere@eeeeeeeeeeereeeeeeeeere@eeeeeeeeeereere@eeereee
@e@@@@@@@@@@@e@@@@@@@e@@@e@@@@@@@e@@@@@@@@@@@@@e@@@@@@e@@e@@@@@@
@eeeeree@eeeeeee@eereree@eeeeere@ereeeee@eeeeere@eeeeeee@eereree
@eeeeeee@reeeeer@eeeeeeeeeeeeeeeeeereeer@eeeeeee@eeeeeee@eeeeeee
@ereeeee@eereeee@eeeeeee@eeeeeer@eeeerre@eereeee@eeeeeee@eeeeeee
eerreeeeeeeeeeee@eeeeeee@eeeeeee@rrreere@eeeeeeeerreeeer@eeeeeer
@eeeeeee@reeeeee@eeeeeer@eeeerre@eeeeeeeeeeeeeee@eereeee@ererrre
@eeeeeee@eereeee@eeeeeee@ereeeee@reeeere@ereeere@eeeereeereeeeee
@eeeeeee@eeereee@eeeeree@ereeeee@eeereee@eeeeree@eeeeeee@ereeere
@@@@@@@e@@@@@e@@@@@@@@e@@@@@@@e@@@@@@e@@@@@@@e@@@@@@@@@e@@@@@@e@
@ereeeee@eeeeeee@eeeeere@eeeeeee@eeeeeee@eeeeere@eeeeree@eeeeeee
@ereeere@eeeeere@eeeeeer@eeeeere@rereeeeeereeeee@eeeeeee@eeeeeee
@eeeeeee@eeeeeee@eeeeeee@eeeeeee@eererre@eeeeeee@ereeeee@eeeeeee
ereeeere@rrreeee@eeeeeeeeeeeeeee@eeereee@eeeeeeeeereeereeeeeeeee
@reereee@ereeeee@eeereee@eeeeeee@eeeerre@erreeee@eeeeeee@eeeeeee
@eeeeereeeeeeereeerrreee@eeeeeee@eeeeere@eeeeeee@eeeeeer@erereer
@eeeeeee@eererre@eeeeeee@ererree@eeereee@reeeeee@eeeeeee@eeeeere
@e@@@@@@@@e@@@@@@@@@@e@@@@@@@@e@@@@@@@e@@e@@@@@@@e@@@@e@@@@@@@@e
@rrereeeerereeee@eereeee@ereeeee@eeeeeee@reeeeee@eeeeeee@eeereee
@eeeeeer@eeeeeee@rreerer@eeeeeer@eeeeeeeeereerre@eeerree@rreeeer
@ereeeee@ereeeeeeeeereee@eeeeeeeeeeeeeee@ererere@reeeeee@ereeeee
@eeeeeee@eeeeeer@eeeeeee@eeeeeee@reeeeee@ereeeee@reeeeee@eeeeree
eeereeee@ererere@rereeer@eeeeeee@eeerree@eereeeeeeeeeeee@eeeeeee
@reeeeee@eeeeeee@eereree@eeeeeee@eeereee@eeeeree@eeerrereeeeeerr
@eeeeeee@ereeeee@eereeeeeeeeeree@eeeeeee@ereeree@ereeeee@eerreee
@@@@e@@@@@@@@@e@@@e@@@@@@@@e@@@@@@@e@@@@@@@@@@e@@@@@@@@e@@e@@@@@
@eerreee@eeeeeee@eeeeeee@ereeree@eeeeere@eeeeere@eeeeree@eeeeeee
@eereere@eerreeeeeeeeeee@reeeeeeeeeeeere@eeerere@eereeee@eeeeeee
@eeeeeee@eeeeree@ereeeee@eeeeeee@rereere@eeeeree@eerreee@eeeeeer
@eeereereereeere@ereeereeeeeeree@eeeeeee@eeeereeeeereeer@eeeeeee
@eeeeeee@eeereee@eeeeerr@eeeeeee@eereeee@reeeeer@ereeeeeeereerer
eeeeeeee@eereeee@ereeere@reeeeee@errreeeeeeeeere@ereeree@eeeeeer
@eereeee@eereere@eeeeeee@eeeeere@ereeeee@eeerree@eeeeeee@eeeeeee
@@@@@@@e@@@@@e@@@@@@@@@@@@@e@@@@@@e@@@@@@@@@@@e@@@@@e@@@@@@@e@@@
@eeeeeee@eeeeeee@eereeee@eeeeree@eeeeeee@eeeereeeeeeeere@eeerree
@eeeeeee@eeeeeee@eeeeeeeeeererereeeereee@reeeree@eeeeeee@eereeee
@eeeeree@ereereeeeeeeeee@eeeeere@reerrer@eeeeree@reeeere@eeereee
@eeeeeee@eeeeeee@eeeeree@eeeeere@rreeeee@erreree@reeeeee@eeeeeer
@eeeeeee@eeeeeee@eeeeeer@eereeee@ereeeee@eeeeere@ereeeee@ereeeee
@eeerreeeeeereee@eerreee@eeeerrr@eereere@eereeee@eeeeeee@eereeee
eeeeeree@eereeee@eeereee@eeeeeee@eeeerre@eeeeeee@eeeeeeeeeeeeeee
@@@@e@@@@e@@@@@@@@e@@@@@@@@@@@e@@@@@@e@@@@@@@@e@@@@@e@@@@@@e@@@@
eeeereee@reeeere@eereeee@eeeeeee@eeeeeee@ereeree@eeerere@erreere
@eeereee@rreeeee@eeeeeee@eeeeeee@reeeeer@eeeeeeeeeeeeeee@eeeeeee
@eeeeeer@eeeeere@eereeee@ereeeee@eereere@eeeeere@eeeerre@ereeeer
@eereree@ereeeee@eeereer@eeeeeer@eeeeeee@rreeree@erereereeeeeeee
@reeeree@eeeeeee@eeeeeee@eeeeeee@eeeeeee@eeeeeer@eeeeree@eeeeeee
@eeeeeee@eeereee@rereeee@eeeeree@eeeeree@eeeeeee@ereeeee@eeeeeee
@eeeeeee@eeereeeeereeeeeeeeeereeeereeereeeeeeree@eeereee@eeereee
@@@@@@e@@@@e@@@@@@@@@e@@@@@@@@@e@@@@e@@@@@@@@e@@@@@@@@@e@@@@@@@@
@eeerree@ereeeee@eeeeeee@eeerere@eeeeeee@eeeeeee@ereeeee@eeeeeee
@ereeeeeeeereeeeereeeeee@eeerere@eereree@eeeeeer@eeeeeee@eereeee
@ereeeee@eeeerre@eeeeeeeeeeeeeer@eeeeeee@eeeerreeeeeeeeeeeeeeeee
@eeeeere@eeeeree@eeeeeee@eeeereeeereeree@eeeeeee@ereeeee@erereee
@eeeeeee@eeeeeee@eereeee@reeeeee@eeeeeee@ereeeee@eereeee@eereeee
eeereere@eeeeeee@eeeeeee@eeeeeee@eeeeere@ereeree@eereeee@eereere
@eeeeere@eeeeeee@eerreee@eereeee@eeeeeeeeereeeee@ereeeee@eeeeeee
