64,64
2848
384
5000
@@@e@@@@@@@@@@@@@@@e@@@@@@e@@@@@@@e@@@@@@@@@@@@@@e@@@@@@@e@@@@@@
@eereeee@eeeeeee@ereeree@eeeeere@eeeeeee@eeeeere@reeeeee@eeeeeee
@eereeee@eeeeere@eeeeree@eeeeeee@eeeeeee@eeeeeee@eeereer@eereree
eeereere@eereeee@eeeeree@eeeeeee@eeeeeee@eereeer@reeeeee@eereeee
@eeeeere@eeeeeee@ereeeee@eeeeeee@eeeeeee@reeeeer@eeeeeee@eeeeeee
@reeeeeeeeeeeereeeeeeeee@rreeeee@eeeeree@eeeeree@eeeeeeeeeeeeeer
@eereeee@eeeeeee@eeeeeer@erreeee@ereeeee@eeeeere@eeeeeee@eeeeeer
@eeeeeee@eeereee@eeereeeeeereeeeeeeeeree@eeereeeeeerreee@eeeeeee
@e@@@@@@@@@@@e@@@@@@@e@@@e@@@@@@@e@@@@@@@@@@@@@e@@@@@@e@@e@@@@@@
@eeeeeee@ereeree@eereeee@eeeeeee@eereeee@eeeeeee@eeeeeee@eeeeeee
@eeeeeer@reeeeer@eeeeeeeeeeeeeereeeeeeee@eeeeeee@reereer@eeeeere
@eeeeeee@reeeeee@eeeeere@eeeeeee@eeeeeee@eeeeeee@reereee@reeeeee
eeeeeeeeeeeeeree@erreere@reeeree@eeeeere@eeeeeeeeeeeeeee@eereeer
@eeeeeee@rerreee@eeeeeee@eeerree@ereeeeeeeeeeeee@eeereee@eeeeeee
@eeeeeee@eeeeeee@eeereee@eeeeeee@eeeeeee@eeeeeee@ereerreeereeere
@eeeeeee@eeeeere@eeeeere@eeeeeee@eeeeere@erereee@eeeeeee@eeeeeee
@@@@@@@e@@@@@e@@@@@@@@@@@@@@@@e@@@@@@@@@@@@@@e@@@@@@@@@e@@@@@@e@
@erereee@eerreee@eeeeeee@eeeeeee@eeeeeee@ereeeee@eeereee@eeeeree
@ereeeee@rreeere@eeeeere@eeeeeer@reereereeeeeeee@eereeee@eeeeeee
@eeeeeee@eeereee@eeereee@erreeee@eeeeeee@eeereee@eeeeeer@eeerrer
eeeeeeee@eeeeeee@reerereeeeeeere@eeeeeee@eeeeeeeeeeeeeee@eeeeeee
@eeeeere@eeeeeee@eeeeeee@eeeeeer@eeeeeee@eeeeeee@eeeeere@eeeeeee
@reeeereeeeeeree@eeeeeee@reeeeer@eeeeeee@reeeeee@eeereee@eeeeeee
@eeeeeee@eeeeeee@eeeeeee@eeeeere@eeereee@eeeeeee@reeeeee@eeeeeee
@e@@@@@@@@e@@@@@@@@@@e@@@@@@@@e@@@@@@@e@@e@@@@@@@e@@@@@@@@@@@@@e
@eeeeeeeeeeeeeee@eeeeeee@eeeeeee@eeeeeee@ererere@eeeeeee@eeeeeee
@eereere@eeeeeee@eerreee@eeeeeee@eeeeeee@eeeeeee@eeeeeee@eererer
@eeereee@eeeeeee@eereeee@eeeeeeeeeeeeere@reereee@eeeeere@eeeeeee
@eeereee@eeeeeee@rreeere@eereeer@eeeeree@eereeee@eeeeere@eeeeeee
ereeeeee@eeeeree@ereeeee@eeeeeee@eeeeeee@ereeeee@eeeeere@eeerere
@reeeeer@eeeeeee@eeeeeer@eeeeeee@eereere@reeeeee@eereeeeeeeeeeee
@eeeeere@eeeeeee@eereeeeeeeereee@eeeeeee@eeeeeee@ereeeee@ereeree
@@@@@@@@@@@@@@@@@@e@@@@@@@@e@@@@@@@@@@@@@@@@@@@@@@@@@@@e@@e@@@@@
@eeeeeee@ereeeee@eeeeeee@eeeeree@eeeeeee@eeeeere@eeereer@eeeeeee
@eeeeeee@eeeeeee@reereee@eeeeereeeeeeeee@eereeee@eeeeeee@eereeee
@eeereee@reeeree@reeeeee@ereeeee@eeeeeee@reeerre@eeereer@erreeee
@reeeeeeeeereeee@eereeeeeeereeer@reeeere@eeeeeee@reeeeee@eeeeerr
@eeeeree@eeeeeee@ereeeer@eeeeeee@eeeeeee@eeeeeee@eeeeeeeeeereeee
eeeeeeee@reeeeee@eeereee@eeeeeer@eeeeereeerereee@eereeee@eeeeeee
@eeeeree@eeeeeee@ereeeee@eereere@eeeeeee@eeeeeee@ereeeee@eeeeeee
@@@@@@@e@@@@@@@@@@@@@@@@@@@e@@@@@@e@@@@@@@@@@@e@@@@@e@@@@@@@e@@@
@eeeeeee@eeeeeee@eeeeree@eerreee@ereeree@ereeeeeeerereee@eereeee
@eeeeeee@reeeeee@errreeeeeeereeeeeeeeeee@eeeeeee@rreeree@eeeeeer
@eereeee@eeeeeeeeeeeeere@eeeeeee@eeeeree@eeeeeer@erreere@rerreee
@eeereee@erereee@eeeeeee@rreeeee@eeeeeee@eeeeeee@erereee@eeeeree
@eeerree@eeeeere@eeereee@eeeeeee@eereeee@ereeeee@eerreee@eeeeeee
@eeereeeeeeeeeee@eeeeeee@eeeerrr@eeeerer@eeeeerr@eeeeree@eeereee
eeererre@eeeeeee@eeereee@eeeeeee@eeeerre@eeeeere@eeereee@ereeeee
@@@@e@@@@e@@@@@@@@e@@@@@@@@@@@e@@@@@@@@@@@@@@@e@@@@@@@@@@@@@@@@@
eeerreee@eeeeeee@ereeeee@ereeeee@eeeeree@eeeeeee@eereree@eeeeeee
@eeeeeee@eeeeeee@eeereee@ereeere@ereeeer@eeeeree@eeeeeee@eeeeeer
@eeeeeee@eeeeree@ereeeee@eereeee@eeeeeee@eeeeeer@eeeeeee@eeeeeer
@eeeeeee@eeeeeee@eeeeeee@ereeeee@eereere@reeeeee@eeeeeeeeeeeeeee
@eeeeeee@eeerree@reeeeee@eereeee@eeeeeee@ereeeee@eeereee@eereeee
@reeeeee@reeeeee@reeeree@eeeeree@eeeeeee@eeeeeee@eeeeeee@rereeee
@eeeeeee@eeeeeerereeeeeeeeeereeeerreeeeeeeeeeeee@eereeee@eeeeeee
@@@@@@@@@@@e@@@@@@@@@@@@@@@@@@@e@@@@@@@@@@@@@e@@@@@@@@@e@@@@@@@@
@eeeeeee@eereeee@eeeeeee@erreeee@eeeeeee@eeeeeee@eereeee@eeeeeee
@eeeeeeeeeeeeeereeeeerre@eeeeere@eeeeeee@reeeere@erreere@eereeee
@eeeeeee@eeeeree@eeereeeeeeeeeee@eeereee@eeeeeeeeeereeeeeeereere
@eeeeree@eeerree@eeeeere@eeereee@ererere@rereeee@ereeeee@eeeeeee
@eeereee@ereeeee@eeeeree@ereeeee@ereeeee@reeerer@ereeeee@eeeeeee
eeeeeeee@eeeeeee@ereeere@ereeeee@eeereee@eereeee@eeeeeee@eereeee
@eeeeeee@eeeeree@eeeeere@eereeee@eeereeeeeeeeeee@eeeerre@eeeeeee
