65,65
2498
384
5000
e@ereeeeeee@eereeeeererereeeeeeeeee@e@eeeeeeeeeeeereeee@e@eeeee@e
e@ereee@@@@@e@e@@@@@e@ree@e@@@@@e@e@e@e@@@@@e@@@@@e@e@e@e@e@@@e@e
eeereeeeeeeereeereeee@eeeee@erreeee@reeeree@eeeeeee@e@e@eerrere@e
e@e@@@e@e@@@@@@@eee@e@e@e@@@ere@e@e@eee@e@e@eer@@@e@e@e@@@reeee@e
e@eee@eeeeeeeereeee@e@e@eereeer@e@reereee@e@err@eee@e@eeeeereeerr
e@@@e@e@e@@@@@e@@@e@e@e@e@e@eee@e@eeeeerr@e@e@e@e@e@e@e@eee@@@eee
eeeeeeeeeeeeeee@eeeeerr@e@e@rereeeeerreee@eee@e@e@eee@e@eeeeeeeee
reeee@@@e@@@e@e@@@@@eee@e@e@eeeer@err@e@@@e@@@e@e@eee@e@ere@e@@@e
eeerree@eeeeree@eeeeeeeeeeeereeee@ere@eee@ereeeee@eeree@rre@e@eee
@@@@e@@@eeeee@@@@@e@@@e@@@e@@@@@e@e@e@eee@rer@@@e@rre@e@eee@e@e@e
eeeereeeeeeeeeeee@reeeeeeereeeree@e@reeeereeeeeeeeeer@eeeee@e@e@e
e@e@e@e@eeeeeeeee@e@ere@e@e@@@e@e@e@e@@@eereeeeeeee@e@e@e@e@e@e@e
reeee@e@eeeeerereer@eer@eee@ere@eee@eee@eeeeeeerree@reree@eeeee@e
e@e@e@e@eee@e@e@eee@eer@@@e@rre@eee@eee@@@e@eee@@@e@e@@@e@e@e@@@e
eee@e@eerrr@e@e@rer@eeeeeereeeerereeeee@eee@eeeeeee@eee@e@eeeeeee
ree@e@err@e@@@e@eer@ere@@@e@eeeee@@@eee@e@@@@@@@@@e@e@e@e@e@@@@@e
ree@e@eee@reeeeerreeeee@e@reereeeee@eeeeeeeeeeeeeeeeeeeeeeeeeerer
e@e@e@@@@@eee@e@eer@e@e@e@e@@@e@@@e@e@e@@@@@e@@@eee@rre@e@@@@@ree
e@e@reeeeeeee@eeeeeee@eeeee@eeeeeer@e@eeeeeeeeeeeee@ere@eeeeeeeee
e@e@eee@@@@@e@e@@@e@@@e@@@e@ree@@@e@e@e@@@@@e@@@@@e@e@@@e@@@eeere
eeeereeeeee@eee@eeeeeee@eee@eeeeeeeee@eereeeeee@eee@reeeeeeereeer
@@@@rer@rre@@@e@e@e@e@e@eee@ere@@@@@e@@@eeeee@e@@@e@e@e@@@@@eee@e
eereree@ree@ereee@e@eee@rreeeeeeeeree@eeeerer@eeeeeee@eerreeree@e
e@e@eee@e@e@reere@e@eee@e@@@e@@@@@e@@@e@@@ere@eerreee@e@eee@e@e@e
e@eeeee@eeeeerreeee@rrreeereeeeereereerereeereeeeeeee@eeeee@e@eee
e@e@@@@@e@@@@@e@e@@@ereee@e@@@@@ereee@ree@e@@@e@e@@@@@e@eee@e@@@e
eeeeereeeee@e@e@e@eereeee@eeere@reeeeerre@eeeee@reeeeeeeeeeeeeree
e@erere@e@e@e@e@e@rre@e@@@@@eee@rerer@@@@@e@@@@@e@@@@@@@e@@@eeerr
e@eeeee@e@e@eee@eeereee@ererere@eeeeeeeeeer@eeeerreee@ere@ereeere
e@@@ree@e@e@eer@e@e@eee@ereeeee@e@@@@@e@@@e@e@eeereer@rrr@eerre@e
erreerr@reeeeerer@e@eee@eeereeeeeereeereeee@eeeeeerreeeeeeeeeee@e
eee@@@e@e@eeeee@e@@@eee@eeree@@@@@e@ree@e@e@e@eee@@@@@eee@e@@@e@e
eeeeeer@eeeeeee@reeeeereeeeeree@eee@eeree@eee@eereeeeereeeeeeee@e
e@@@e@e@eeerere@e@@@@@@@e@reeee@e@@@e@@@e@e@e@e@@@eeree@@@e@@@e@e
e@eeeeeereeeeerereeeeeeeeeeeereeeee@reeerer@e@eereeeeeeee@reeeeee
e@e@@@@@ree@@@@@eeeee@e@e@@@@@@@@@e@e@eer@e@e@e@e@@@e@@@e@e@e@e@e
e@eeree@reeee@eeeeeee@e@rereeeeeeee@e@eee@eee@e@reeeeeeeeee@e@e@e
e@eeeee@e@@@e@ereee@e@e@e@e@e@@@eee@e@e@e@e@e@e@e@@@@@e@e@e@e@e@e
eererereeeeeeeeeeee@ree@eeeeeeeeeeree@e@e@reeeeer@e@eer@e@e@e@e@e
@@e@erere@@@eeereer@eee@@@@@e@@@e@@@e@e@e@e@@@e@e@e@eer@e@e@e@e@e
eee@reeerereeeereee@eeeeeee@e@eeeerrr@eeeeeee@e@eereerr@e@eee@eee
ree@e@@@@@e@eeeeere@@@@@e@@@e@e@@@rre@e@e@@@@@e@e@@@e@e@e@e@@@@@e
eee@reeeeee@ereereeererreeeeeereeereeee@eereeee@eee@e@eee@rereeee
e@e@e@@@e@@@@@e@@@@@e@ree@@@@@ereeree@e@@@e@@@e@e@@@e@@@e@ere@@@e
e@eee@eeeeeeeeeeeerer@ereereeeeeeeeee@eeeeeeeereeeeeeeeeeereeeeee
e@@@e@eerer@@@@@e@e@e@e@e@e@e@@@@@e@e@@@eee@@@@@eee@@@e@eeeer@rrr
eeeeeeeeeee@eeeer@reeee@e@e@eeeeeeeeeeereeeeeeeeeerre@e@eeere@eer
ree@@@@@e@@@e@e@e@e@@@e@e@e@e@@@@@reeeeee@@@@@e@eeeee@e@e@@@@@ere
eeeeeereeereeee@eereeee@e@e@eeeeeeeeeeeeereeeereeeeeeee@eeeeeeeee
e@reeee@@@e@@@e@e@e@@@e@e@e@e@@@@@e@eee@ree@eee@@@eee@e@e@@@@@e@e
eeereeeeeeeee@e@e@rereree@ereeeee@eerer@ere@ereeeeeee@eeeeeee@e@e
e@e@ereeeee@@@@@e@e@e@e@@@eeeee@e@eeeee@rre@@@e@@@eer@e@@@@@e@e@e
e@eeeeeeeeereeree@e@e@eee@eeeee@eeeeeee@eeeeeee@eeeeeeeeeeeer@eer
e@e@@@e@@@eeree@e@e@e@e@e@rreee@@@@@e@@@@@e@@@@@eee@@@@@e@@@e@e@e
e@e@eereeeeeeee@eeeer@e@eeeeeerrreeeeeeeeeeeeeeerereeeeeeeeeeee@e
e@e@e@@@@@e@@@e@e@@@e@e@rreee@eee@e@ere@e@@@e@e@e@@@@@e@@@eee@e@e
eereeeeereeeeeeeeeeee@eereeee@eee@e@ree@eeeereeereeeeeeee@ereeree
@@@@eer@e@@@@@e@e@@@e@e@e@@@e@@@e@e@e@e@e@e@e@@@e@@@@@e@e@e@@@@@e
eerreer@e@eerrr@e@eeree@eeeeeeeee@eee@e@eee@eee@eeeeree@eeeeeeeee
eeeeree@e@e@eee@e@@@e@e@e@@@erere@ree@e@@@e@e@@@e@@@eee@eee@e@e@e
eeereeeeeer@eee@eeeeeeeer@eeeeere@eeeee@eee@eeeee@ereee@rreee@e@e
e@@@@@@@@@e@e@@@e@@@e@@@e@e@@@@@e@rrree@e@e@eee@@@eeeee@e@e@e@e@e
eeeeeeeereeeeee@e@eerereeereerree@rereeeeeeeeeeeeeeeree@e@e@e@e@e
@@@@ereereeeeer@e@e@@@eeeee@eee@e@eeree@@@@@eee@@@@@eee@e@e@e@@@e
eeeeeeeeeereereeeeeeeeeeeereereererrereeeeeereeeeeeeeereeeeeeeeee
