nohup: Eingabe wird ignoriert
run_root = /home/shiqi/masterarbeit/RHCR/exp_diff_sim_plan/room_v2_20260515_175746
Launching 300 runs with num_process=6
[ok] sim=1 plan=5 k=96 seed=15 completed=465 throughput=1.8164
[ok] sim=1 plan=5 k=96 seed=13 completed=476 throughput=1.8594
[ok] sim=1 plan=5 k=96 seed=14 completed=446 throughput=1.7422
[ok] sim=1 plan=5 k=96 seed=11 completed=454 throughput=1.7734
[ok] sim=1 plan=5 k=96 seed=10 completed=466 throughput=1.8203
[ok] sim=1 plan=5 k=96 seed=12 completed=455 throughput=1.7773
[ok] sim=1 plan=5 k=96 seed=16 completed=469 throughput=1.8320
[ok] sim=1 plan=5 k=96 seed=18 completed=472 throughput=1.8438
[ok] sim=1 plan=5 k=96 seed=19 completed=458 throughput=1.7891
[ok] sim=1 plan=5 k=96 seed=17 completed=451 throughput=1.7617
[ok] sim=1 plan=5 k=128 seed=10 completed=616 throughput=2.4062
[ok] sim=1 plan=5 k=128 seed=11 completed=613 throughput=2.3945
[ok] sim=1 plan=5 k=128 seed=12 completed=640 throughput=2.5000
[ok] sim=1 plan=5 k=128 seed=14 completed=611 throughput=2.3867
[ok] sim=1 plan=5 k=128 seed=13 completed=593 throughput=2.3164
[ok] sim=1 plan=5 k=128 seed=15 completed=607 throughput=2.3711
[ok] sim=1 plan=5 k=128 seed=17 completed=622 throughput=2.4297
[ok] sim=1 plan=5 k=128 seed=16 completed=611 throughput=2.3867
[ok] sim=1 plan=5 k=128 seed=19 completed=625 throughput=2.4414
[ok] sim=1 plan=5 k=128 seed=18 completed=582 throughput=2.2734
[ok] sim=1 plan=5 k=160 seed=11 completed=739 throughput=2.8867
[ok] sim=1 plan=5 k=160 seed=10 completed=745 throughput=2.9102
[ok] sim=1 plan=5 k=160 seed=12 completed=787 throughput=3.0742
[ok] sim=1 plan=5 k=160 seed=13 completed=725 throughput=2.8320
[ok] sim=1 plan=5 k=160 seed=15 completed=734 throughput=2.8672
[ok] sim=1 plan=5 k=160 seed=14 completed=729 throughput=2.8477
[ok] sim=1 plan=5 k=160 seed=16 completed=755 throughput=2.9492
[ok] sim=1 plan=5 k=160 seed=17 completed=746 throughput=2.9141
[ok] sim=1 plan=5 k=160 seed=18 completed=727 throughput=2.8398
[ok] sim=1 plan=5 k=160 seed=19 completed=733 throughput=2.8633
[ok] sim=1 plan=5 k=192 seed=10 completed=894 throughput=3.4922
[ok] sim=1 plan=5 k=192 seed=11 completed=842 throughput=3.2891
[ok] sim=1 plan=5 k=192 seed=12 completed=896 throughput=3.5000
[ok] sim=1 plan=5 k=192 seed=13 completed=849 throughput=3.3164
[ok] sim=1 plan=5 k=192 seed=14 completed=899 throughput=3.5117
[ok] sim=1 plan=5 k=192 seed=15 completed=878 throughput=3.4297
[ok] sim=1 plan=5 k=192 seed=16 completed=876 throughput=3.4219
[ok] sim=1 plan=5 k=192 seed=17 completed=899 throughput=3.5117
[ok] sim=1 plan=5 k=192 seed=18 completed=875 throughput=3.4180
[ok] sim=1 plan=5 k=192 seed=19 completed=865 throughput=3.3789
[ok] sim=1 plan=5 k=224 seed=10 completed=999 throughput=3.9023
[ok] sim=1 plan=5 k=224 seed=11 completed=988 throughput=3.8594
[ok] sim=1 plan=5 k=224 seed=12 completed=996 throughput=3.8906
[ok] sim=1 plan=5 k=224 seed=13 completed=964 throughput=3.7656
[ok] sim=1 plan=5 k=224 seed=14 completed=996 throughput=3.8906
[ok] sim=1 plan=5 k=224 seed=15 completed=994 throughput=3.8828
[ok] sim=1 plan=10 k=96 seed=10 completed=466 throughput=1.8203
[ok] sim=1 plan=10 k=96 seed=11 completed=479 throughput=1.8711
[ok] sim=1 plan=10 k=96 seed=12 completed=494 throughput=1.9297
[ok] sim=1 plan=10 k=96 seed=13 completed=459 throughput=1.7930
[ok] sim=1 plan=5 k=224 seed=16 completed=989 throughput=3.8633
[ok] sim=1 plan=10 k=96 seed=14 completed=444 throughput=1.7344
[ok] sim=1 plan=10 k=96 seed=15 completed=466 throughput=1.8203
[ok] sim=1 plan=10 k=96 seed=16 completed=474 throughput=1.8516
[ok] sim=1 plan=5 k=224 seed=19 completed=1003 throughput=3.9180
[ok] sim=1 plan=10 k=96 seed=17 completed=473 throughput=1.8477
[ok] sim=1 plan=10 k=96 seed=18 completed=480 throughput=1.8750
[ok] sim=1 plan=5 k=224 seed=18 completed=972 throughput=3.7969
[ok] sim=1 plan=10 k=96 seed=19 completed=471 throughput=1.8398
[ok] sim=1 plan=10 k=128 seed=10 completed=618 throughput=2.4141
[ok] sim=1 plan=10 k=128 seed=11 completed=597 throughput=2.3320
[ok] sim=1 plan=10 k=128 seed=12 completed=626 throughput=2.4453
[ok] sim=1 plan=10 k=128 seed=13 completed=603 throughput=2.3555
[ok] sim=1 plan=5 k=224 seed=17 completed=878 throughput=3.4297
[ok] sim=1 plan=10 k=128 seed=14 completed=611 throughput=2.3867
[ok] sim=1 plan=10 k=128 seed=16 completed=615 throughput=2.4023
[ok] sim=1 plan=10 k=128 seed=15 completed=604 throughput=2.3594
[ok] sim=1 plan=10 k=128 seed=18 completed=619 throughput=2.4180
[ok] sim=1 plan=10 k=128 seed=17 completed=599 throughput=2.3398
[ok] sim=1 plan=10 k=128 seed=19 completed=607 throughput=2.3711
[ok] sim=1 plan=10 k=160 seed=10 completed=736 throughput=2.8750
[ok] sim=1 plan=10 k=160 seed=12 completed=772 throughput=3.0156
[ok] sim=1 plan=10 k=160 seed=11 completed=739 throughput=2.8867
[ok] sim=1 plan=10 k=160 seed=13 completed=741 throughput=2.8945
[ok] sim=1 plan=10 k=160 seed=14 completed=763 throughput=2.9805
[ok] sim=1 plan=10 k=160 seed=15 completed=746 throughput=2.9141
[ok] sim=1 plan=10 k=160 seed=16 completed=773 throughput=3.0195
[ok] sim=1 plan=10 k=160 seed=17 completed=767 throughput=2.9961
[ok] sim=1 plan=10 k=160 seed=18 completed=744 throughput=2.9062
[ok] sim=1 plan=10 k=160 seed=19 completed=764 throughput=2.9844
[ok] sim=1 plan=10 k=192 seed=10 completed=870 throughput=3.3984
[ok] sim=1 plan=10 k=192 seed=11 completed=895 throughput=3.4961
[ok] sim=1 plan=10 k=192 seed=12 completed=920 throughput=3.5938
[ok] sim=1 plan=10 k=192 seed=13 completed=877 throughput=3.4258
[ok] sim=1 plan=10 k=192 seed=14 completed=895 throughput=3.4961
[ok] sim=1 plan=10 k=192 seed=15 completed=891 throughput=3.4805
[ok] sim=1 plan=10 k=192 seed=16 completed=910 throughput=3.5547
[ok] sim=1 plan=10 k=192 seed=17 completed=889 throughput=3.4727
[ok] sim=1 plan=10 k=192 seed=18 completed=883 throughput=3.4492
[ok] sim=1 plan=10 k=192 seed=19 completed=903 throughput=3.5273
[ok] sim=1 plan=10 k=224 seed=10 completed=1028 throughput=4.0156
[ok] sim=1 plan=10 k=224 seed=11 completed=1021 throughput=3.9883
[ok] sim=1 plan=10 k=224 seed=12 completed=1006 throughput=3.9297
[ok] sim=1 plan=10 k=224 seed=13 completed=990 throughput=3.8672
[ok] sim=1 plan=10 k=224 seed=14 completed=1029 throughput=4.0195
[ok] sim=1 plan=10 k=224 seed=15 completed=1031 throughput=4.0273
[ok] sim=1 plan=20 k=96 seed=10 completed=458 throughput=1.7891
[ok] sim=1 plan=20 k=96 seed=11 completed=455 throughput=1.7773
[ok] sim=1 plan=20 k=96 seed=12 completed=488 throughput=1.9062
[ok] sim=1 plan=20 k=96 seed=13 completed=466 throughput=1.8203
[ok] sim=1 plan=10 k=224 seed=16 completed=1057 throughput=4.1289
[ok] sim=1 plan=10 k=224 seed=17 completed=1004 throughput=3.9219
[ok] sim=1 plan=20 k=96 seed=14 completed=463 throughput=1.8086
[ok] sim=1 plan=20 k=96 seed=15 completed=460 throughput=1.7969
[ok] sim=1 plan=20 k=96 seed=16 completed=478 throughput=1.8672
[ok] sim=1 plan=20 k=96 seed=17 completed=474 throughput=1.8516
[ok] sim=1 plan=20 k=96 seed=18 completed=463 throughput=1.8086
[ok] sim=1 plan=10 k=224 seed=18 completed=1005 throughput=3.9258
[ok] sim=1 plan=20 k=96 seed=19 completed=468 throughput=1.8281
[ok] sim=1 plan=10 k=224 seed=19 completed=1003 throughput=3.9180
[ok] sim=1 plan=20 k=128 seed=10 completed=621 throughput=2.4258
[ok] sim=1 plan=20 k=128 seed=11 completed=592 throughput=2.3125
[ok] sim=1 plan=20 k=128 seed=12 completed=622 throughput=2.4297
[ok] sim=1 plan=20 k=128 seed=13 completed=598 throughput=2.3359
[ok] sim=1 plan=20 k=128 seed=14 completed=633 throughput=2.4727
[ok] sim=1 plan=20 k=128 seed=15 completed=618 throughput=2.4141
[ok] sim=1 plan=20 k=128 seed=16 completed=654 throughput=2.5547
[ok] sim=1 plan=20 k=128 seed=17 completed=601 throughput=2.3477
[ok] sim=1 plan=20 k=128 seed=18 completed=612 throughput=2.3906
[ok] sim=1 plan=20 k=128 seed=19 completed=638 throughput=2.4922
[ok] sim=1 plan=20 k=160 seed=11 completed=774 throughput=3.0234
[ok] sim=1 plan=20 k=160 seed=10 completed=745 throughput=2.9102
[ok] sim=1 plan=20 k=160 seed=12 completed=760 throughput=2.9688
[ok] sim=1 plan=20 k=160 seed=14 completed=759 throughput=2.9648
[ok] sim=1 plan=20 k=160 seed=15 completed=753 throughput=2.9414
[ok] sim=1 plan=20 k=160 seed=13 completed=746 throughput=2.9141
[ok] sim=1 plan=20 k=160 seed=16 completed=744 throughput=2.9062
[ok] sim=1 plan=20 k=160 seed=17 completed=763 throughput=2.9805
[ok] sim=1 plan=20 k=160 seed=18 completed=779 throughput=3.0430
[ok] sim=1 plan=20 k=160 seed=19 completed=758 throughput=2.9609
[ok] sim=1 plan=20 k=192 seed=10 completed=902 throughput=3.5234
[ok] sim=1 plan=20 k=192 seed=11 completed=872 throughput=3.4062
[ok] sim=1 plan=20 k=192 seed=13 completed=873 throughput=3.4102
[ok] sim=1 plan=20 k=192 seed=12 completed=905 throughput=3.5352
[ok] sim=1 plan=20 k=192 seed=14 completed=884 throughput=3.4531
[ok] sim=1 plan=20 k=192 seed=15 completed=912 throughput=3.5625
[ok] sim=1 plan=20 k=192 seed=16 completed=906 throughput=3.5391
[ok] sim=1 plan=20 k=192 seed=17 completed=876 throughput=3.4219
[ok] sim=1 plan=20 k=192 seed=19 completed=905 throughput=3.5352
[ok] sim=1 plan=20 k=192 seed=18 completed=861 throughput=3.3633
[ok] sim=1 plan=20 k=224 seed=10 completed=1045 throughput=4.0820
[ok] sim=1 plan=20 k=224 seed=11 completed=1009 throughput=3.9414
[ok] sim=1 plan=20 k=224 seed=12 completed=1040 throughput=4.0625
[ok] sim=1 plan=20 k=224 seed=13 completed=1000 throughput=3.9062
[ok] sim=1 plan=20 k=224 seed=15 completed=1037 throughput=4.0508
[ok] sim=1 plan=20 k=224 seed=14 completed=1045 throughput=4.0820
[ok] sim=5 plan=5 k=96 seed=10 completed=479 throughput=1.8711
[ok] sim=5 plan=5 k=96 seed=11 completed=464 throughput=1.8125
[ok] sim=5 plan=5 k=96 seed=12 completed=495 throughput=1.9336
[ok] sim=5 plan=5 k=96 seed=13 completed=447 throughput=1.7461
[ok] sim=5 plan=5 k=96 seed=14 completed=455 throughput=1.7773
[ok] sim=5 plan=5 k=96 seed=15 completed=470 throughput=1.8359
[ok] sim=5 plan=5 k=96 seed=16 completed=472 throughput=1.8438
[ok] sim=5 plan=5 k=96 seed=17 completed=465 throughput=1.8164
[ok] sim=5 plan=5 k=96 seed=18 completed=474 throughput=1.8516
[ok] sim=5 plan=5 k=96 seed=19 completed=472 throughput=1.8438
[ok] sim=5 plan=5 k=128 seed=10 completed=631 throughput=2.4648
[ok] sim=5 plan=5 k=128 seed=11 completed=600 throughput=2.3438
[ok] sim=5 plan=5 k=128 seed=12 completed=649 throughput=2.5352
[ok] sim=5 plan=5 k=128 seed=13 completed=613 throughput=2.3945
[ok] sim=5 plan=5 k=128 seed=14 completed=617 throughput=2.4102
[ok] sim=5 plan=5 k=128 seed=15 completed=627 throughput=2.4492
[ok] sim=5 plan=5 k=128 seed=16 completed=620 throughput=2.4219
[ok] sim=5 plan=5 k=128 seed=17 completed=597 throughput=2.3320
[ok] sim=5 plan=5 k=128 seed=18 completed=610 throughput=2.3828
[ok] sim=5 plan=5 k=128 seed=19 completed=626 throughput=2.4453
[ok] sim=5 plan=5 k=160 seed=10 completed=748 throughput=2.9219
[ok] sim=5 plan=5 k=160 seed=11 completed=702 throughput=2.7422
[ok] sim=5 plan=5 k=160 seed=12 completed=793 throughput=3.0977
[ok] sim=5 plan=5 k=160 seed=13 completed=715 throughput=2.7930
[ok] sim=5 plan=5 k=160 seed=14 completed=747 throughput=2.9180
[ok] sim=5 plan=5 k=160 seed=15 completed=751 throughput=2.9336
[ok] sim=5 plan=5 k=160 seed=16 completed=759 throughput=2.9648
[ok] sim=5 plan=5 k=160 seed=17 completed=744 throughput=2.9062
[ok] sim=1 plan=20 k=224 seed=16 completed=1026 throughput=4.0078
[ok] sim=5 plan=5 k=160 seed=18 completed=739 throughput=2.8867
[ok] sim=5 plan=5 k=160 seed=19 completed=744 throughput=2.9062
[ok] sim=5 plan=5 k=192 seed=10 completed=871 throughput=3.4023
[ok] sim=1 plan=20 k=224 seed=17 completed=1044 throughput=4.0781
[ok] sim=5 plan=5 k=192 seed=11 completed=878 throughput=3.4297
[ok] sim=5 plan=5 k=192 seed=12 completed=908 throughput=3.5469
[ok] sim=5 plan=5 k=192 seed=13 completed=861 throughput=3.3633
[ok] sim=5 plan=5 k=192 seed=14 completed=864 throughput=3.3750
[ok] sim=5 plan=5 k=192 seed=15 completed=890 throughput=3.4766
[ok] sim=5 plan=5 k=192 seed=16 completed=896 throughput=3.5000
[ok] sim=5 plan=5 k=192 seed=17 completed=888 throughput=3.4688
[ok] sim=5 plan=5 k=192 seed=18 completed=869 throughput=3.3945
[ok] sim=5 plan=5 k=192 seed=19 completed=892 throughput=3.4844
[ok] sim=5 plan=5 k=224 seed=12 completed=1028 throughput=4.0156
[ok] sim=5 plan=5 k=224 seed=13 completed=984 throughput=3.8438
[ok] sim=1 plan=20 k=224 seed=18 completed=999 throughput=3.9023
[ok] sim=5 plan=5 k=224 seed=11 completed=664 throughput=2.5938
[ok] sim=5 plan=5 k=224 seed=10 completed=745 throughput=2.9102
[ok] sim=5 plan=5 k=224 seed=15 completed=1006 throughput=3.9297
[ok] sim=5 plan=5 k=224 seed=14 completed=953 throughput=3.7227
[ok] sim=5 plan=10 k=96 seed=10 completed=475 throughput=1.8555
[ok] sim=5 plan=5 k=224 seed=16 completed=1020 throughput=3.9844
[ok] sim=5 plan=5 k=224 seed=17 completed=994 throughput=3.8828
[ok] sim=1 plan=20 k=224 seed=19 completed=1038 throughput=4.0547
[ok] sim=5 plan=10 k=96 seed=11 completed=479 throughput=1.8711
[ok] sim=5 plan=10 k=96 seed=12 completed=484 throughput=1.8906
[ok] sim=5 plan=10 k=96 seed=13 completed=462 throughput=1.8047
[ok] sim=5 plan=5 k=224 seed=19 completed=1016 throughput=3.9688
[ok] sim=5 plan=10 k=96 seed=14 completed=474 throughput=1.8516
[ok] sim=5 plan=10 k=96 seed=15 completed=492 throughput=1.9219
[ok] sim=5 plan=10 k=96 seed=16 completed=478 throughput=1.8672
[ok] sim=5 plan=10 k=96 seed=17 completed=474 throughput=1.8516
[ok] sim=5 plan=10 k=96 seed=18 completed=477 throughput=1.8633
[ok] sim=5 plan=10 k=96 seed=19 completed=474 throughput=1.8516
[ok] sim=5 plan=10 k=128 seed=10 completed=623 throughput=2.4336
[ok] sim=5 plan=10 k=128 seed=11 completed=628 throughput=2.4531
[ok] sim=5 plan=10 k=128 seed=12 completed=627 throughput=2.4492
[ok] sim=5 plan=5 k=224 seed=18 completed=591 throughput=2.3086
[ok] sim=5 plan=10 k=128 seed=13 completed=580 throughput=2.2656
[ok] sim=5 plan=10 k=128 seed=14 completed=619 throughput=2.4180
[ok] sim=5 plan=10 k=128 seed=15 completed=651 throughput=2.5430
[ok] sim=5 plan=10 k=128 seed=16 completed=628 throughput=2.4531
[ok] sim=5 plan=10 k=128 seed=17 completed=629 throughput=2.4570
[ok] sim=5 plan=10 k=128 seed=18 completed=613 throughput=2.3945
[ok] sim=5 plan=10 k=128 seed=19 completed=615 throughput=2.4023
[ok] sim=5 plan=10 k=160 seed=10 completed=759 throughput=2.9648
[ok] sim=5 plan=10 k=160 seed=11 completed=747 throughput=2.9180
[ok] sim=5 plan=10 k=160 seed=12 completed=789 throughput=3.0820
[ok] sim=5 plan=10 k=160 seed=13 completed=750 throughput=2.9297
[ok] sim=5 plan=10 k=160 seed=14 completed=767 throughput=2.9961
[ok] sim=5 plan=10 k=160 seed=15 completed=766 throughput=2.9922
[ok] sim=5 plan=10 k=160 seed=16 completed=777 throughput=3.0352
[ok] sim=5 plan=10 k=160 seed=17 completed=764 throughput=2.9844
[ok] sim=5 plan=10 k=160 seed=18 completed=754 throughput=2.9453
[ok] sim=5 plan=10 k=160 seed=19 completed=778 throughput=3.0391
[ok] sim=5 plan=10 k=192 seed=10 completed=877 throughput=3.4258
[ok] sim=5 plan=10 k=192 seed=11 completed=882 throughput=3.4453
[ok] sim=5 plan=10 k=192 seed=12 completed=933 throughput=3.6445
[ok] sim=5 plan=10 k=192 seed=13 completed=875 throughput=3.4180
[ok] sim=5 plan=10 k=192 seed=14 completed=906 throughput=3.5391
[ok] sim=5 plan=10 k=192 seed=15 completed=910 throughput=3.5547
[ok] sim=5 plan=10 k=192 seed=16 completed=910 throughput=3.5547
[ok] sim=5 plan=10 k=192 seed=17 completed=906 throughput=3.5391
[ok] sim=5 plan=10 k=192 seed=18 completed=897 throughput=3.5039
[ok] sim=5 plan=10 k=192 seed=19 completed=899 throughput=3.5117
[ok] sim=5 plan=10 k=224 seed=10 completed=1031 throughput=4.0273
[ok] sim=5 plan=10 k=224 seed=11 completed=1027 throughput=4.0117
[ok] sim=5 plan=10 k=224 seed=12 completed=1044 throughput=4.0781
[ok] sim=5 plan=10 k=224 seed=13 completed=1028 throughput=4.0156
[ok] sim=5 plan=10 k=224 seed=14 completed=1005 throughput=3.9258
[ok] sim=5 plan=10 k=224 seed=15 completed=1052 throughput=4.1094
[ok] sim=5 plan=20 k=96 seed=10 completed=485 throughput=1.8945
[ok] sim=5 plan=20 k=96 seed=11 completed=470 throughput=1.8359
[ok] sim=5 plan=10 k=224 seed=16 completed=1044 throughput=4.0781
[ok] sim=5 plan=10 k=224 seed=17 completed=1059 throughput=4.1367
[ok] sim=5 plan=20 k=96 seed=12 completed=476 throughput=1.8594
[ok] sim=5 plan=20 k=96 seed=13 completed=462 throughput=1.8047
[ok] sim=5 plan=20 k=96 seed=14 completed=457 throughput=1.7852
[ok] sim=5 plan=10 k=224 seed=18 completed=1012 throughput=3.9531
[ok] sim=5 plan=20 k=96 seed=15 completed=479 throughput=1.8711
[ok] sim=5 plan=10 k=224 seed=19 completed=1026 throughput=4.0078
[ok] sim=5 plan=20 k=96 seed=16 completed=484 throughput=1.8906
[ok] sim=5 plan=20 k=96 seed=17 completed=453 throughput=1.7695
[ok] sim=5 plan=20 k=96 seed=19 completed=497 throughput=1.9414
[ok] sim=5 plan=20 k=96 seed=18 completed=476 throughput=1.8594
[ok] sim=5 plan=20 k=128 seed=10 completed=624 throughput=2.4375
[ok] sim=5 plan=20 k=128 seed=11 completed=628 throughput=2.4531
[ok] sim=5 plan=20 k=128 seed=12 completed=643 throughput=2.5117
[ok] sim=5 plan=20 k=128 seed=13 completed=621 throughput=2.4258
[ok] sim=5 plan=20 k=128 seed=15 completed=645 throughput=2.5195
[ok] sim=5 plan=20 k=128 seed=14 completed=633 throughput=2.4727
[ok] sim=5 plan=20 k=128 seed=16 completed=631 throughput=2.4648
[ok] sim=5 plan=20 k=128 seed=17 completed=633 throughput=2.4727
[ok] sim=5 plan=20 k=128 seed=18 completed=632 throughput=2.4688
[ok] sim=5 plan=20 k=128 seed=19 completed=631 throughput=2.4648
[ok] sim=5 plan=20 k=160 seed=10 completed=758 throughput=2.9609
[ok] sim=5 plan=20 k=160 seed=11 completed=765 throughput=2.9883
[ok] sim=5 plan=20 k=160 seed=12 completed=772 throughput=3.0156
[ok] sim=5 plan=20 k=160 seed=13 completed=758 throughput=2.9609
[ok] sim=5 plan=20 k=160 seed=15 completed=794 throughput=3.1016
[ok] sim=5 plan=20 k=160 seed=14 completed=778 throughput=3.0391
[ok] sim=5 plan=20 k=160 seed=16 completed=790 throughput=3.0859
[ok] sim=5 plan=20 k=160 seed=17 completed=777 throughput=3.0352
[ok] sim=5 plan=20 k=160 seed=18 completed=752 throughput=2.9375
[ok] sim=5 plan=20 k=160 seed=19 completed=766 throughput=2.9922
[ok] sim=5 plan=20 k=192 seed=10 completed=901 throughput=3.5195
[ok] sim=5 plan=20 k=192 seed=11 completed=901 throughput=3.5195
[ok] sim=5 plan=20 k=192 seed=12 completed=955 throughput=3.7305
[ok] sim=5 plan=20 k=192 seed=13 completed=904 throughput=3.5312
[ok] sim=5 plan=20 k=192 seed=14 completed=940 throughput=3.6719
[ok] sim=5 plan=20 k=192 seed=15 completed=917 throughput=3.5820
[ok] sim=5 plan=20 k=192 seed=16 completed=903 throughput=3.5273
[ok] sim=5 plan=20 k=192 seed=17 completed=928 throughput=3.6250
[ok] sim=5 plan=20 k=192 seed=18 completed=911 throughput=3.5586
[ok] sim=5 plan=20 k=192 seed=19 completed=925 throughput=3.6133
[ok] sim=5 plan=20 k=224 seed=10 completed=1035 throughput=4.0430
[ok] sim=5 plan=20 k=224 seed=11 completed=1020 throughput=3.9844
[ok] sim=5 plan=20 k=224 seed=13 completed=1042 throughput=4.0703
[ok] sim=5 plan=20 k=224 seed=12 completed=1070 throughput=4.1797
[ok] sim=5 plan=20 k=224 seed=14 completed=1042 throughput=4.0703
[ok] sim=5 plan=20 k=224 seed=15 completed=1045 throughput=4.0820
[ok] sim=5 plan=20 k=224 seed=16 completed=1060 throughput=4.1406
[ok] sim=5 plan=20 k=224 seed=17 completed=1021 throughput=3.9883
[ok] sim=5 plan=20 k=224 seed=18 completed=1033 throughput=4.0352
[ok] sim=5 plan=20 k=224 seed=19 completed=1047 throughput=4.0898
Done. Summary: /home/shiqi/masterarbeit/RHCR/exp_diff_sim_plan/room_v2_20260515_175746/summary.csv
